Cyber-space/Cyber_Space/backend/controllers/adminController.ts(2,26): error TS7016: Could not find a declaration file for module 'express'. 'C:/Users/deeks/node_modules/express/index.js' implicitly has an 'any' type.
  If the 'express' package actually exposes this module, consider sending a pull request to amend 'https://github.com/DefinitelyTyped/DefinitelyTyped/tree/master/types/express'
Cyber-space/Cyber_Space/backend/controllers/aiController.ts(2,26): error TS7016: Could not find a declaration file for module 'express'. 'C:/Users/deeks/node_modules/express/index.js' implicitly has an 'any' type.
  If the 'express' package actually exposes this module, consider sending a pull request to amend 'https://github.com/DefinitelyTyped/DefinitelyTyped/tree/master/types/express'
Cyber-space/Cyber_Space/backend/controllers/aiController.ts(3,36): error TS2307: Cannot find module '@google/generative-ai' or its corresponding type declarations.
Cyber-space/Cyber_Space/backend/controllers/aiController.ts(28,53): error TS2339: Property 'body' does not exist on type 'AuthRequest'.
Cyber-space/Cyber_Space/backend/controllers/authController.ts(2,35): error TS7016: Could not find a declaration file for module 'express'. 'C:/Users/deeks/node_modules/express/index.js' implicitly has an 'any' type.
  If the 'express' package actually exposes this module, consider sending a pull request to amend 'https://github.com/DefinitelyTyped/DefinitelyTyped/tree/master/types/express'
Cyber-space/Cyber_Space/backend/controllers/phishingController.ts(2,35): error TS7016: Could not find a declaration file for module 'express'. 'C:/Users/deeks/node_modules/express/index.js' implicitly has an 'any' type.
  If the 'express' package actually exposes this module, consider sending a pull request to amend 'https://github.com/DefinitelyTyped/DefinitelyTyped/tree/master/types/express'
Cyber-space/Cyber_Space/backend/controllers/phishingController.ts(10,29): error TS2339: Property 'body' does not exist on type 'AuthRequest'.
Cyber-space/Cyber_Space/backend/controllers/threatController.ts(1,35): error TS7016: Could not find a declaration file for module 'express'. 'C:/Users/deeks/node_modules/express/index.js' implicitly has an 'any' type.
  If the 'express' package actually exposes this module, consider sending a pull request to amend 'https://github.com/DefinitelyTyped/DefinitelyTyped/tree/master/types/express'
Cyber-space/Cyber_Space/backend/controllers/userController.ts(2,26): error TS7016: Could not find a declaration file for module 'express'. 'C:/Users/deeks/node_modules/express/index.js' implicitly has an 'any' type.
  If the 'express' package actually exposes this module, consider sending a pull request to amend 'https://github.com/DefinitelyTyped/DefinitelyTyped/tree/master/types/express'
Cyber-space/Cyber_Space/backend/controllers/userController.ts(37,54): error TS2339: Property 'body' does not exist on type 'AuthRequest'.
Cyber-space/Cyber_Space/backend/controllers/vulnerabilityController.ts(3,35): error TS7016: Could not find a declaration file for module 'express'. 'C:/Users/deeks/node_modules/express/index.js' implicitly has an 'any' type.
  If the 'express' package actually exposes this module, consider sending a pull request to amend 'https://github.com/DefinitelyTyped/DefinitelyTyped/tree/master/types/express'
Cyber-space/Cyber_Space/backend/controllers/vulnerabilityController.ts(11,32): error TS2339: Property 'body' does not exist on type 'AuthRequest'.
Cyber-space/Cyber_Space/backend/middleware/authMiddleware.ts(2,49): error TS7016: Could not find a declaration file for module 'express'. 'C:/Users/deeks/node_modules/express/index.js' implicitly has an 'any' type.
  If the 'express' package actually exposes this module, consider sending a pull request to amend 'https://github.com/DefinitelyTyped/DefinitelyTyped/tree/master/types/express'
Cyber-space/Cyber_Space/backend/middleware/authMiddleware.ts(3,17): error TS7016: Could not find a declaration file for module 'jsonwebtoken'. 'C:/Users/deeks/node_modules/jsonwebtoken/index.js' implicitly has an 'any' type.
  If the 'jsonwebtoken' package actually exposes this module, consider sending a pull request to amend 'https://github.com/DefinitelyTyped/DefinitelyTyped/tree/master/types/jsonwebtoken'
Cyber-space/Cyber_Space/backend/middleware/authMiddleware.ts(13,13): error TS2339: Property 'headers' does not exist on type 'AuthRequest'.
Cyber-space/Cyber_Space/backend/middleware/authMiddleware.ts(13,42): error TS2339: Property 'headers' does not exist on type 'AuthRequest'.
Cyber-space/Cyber_Space/backend/middleware/authMiddleware.ts(16,25): error TS2339: Property 'headers' does not exist on type 'AuthRequest'.
Cyber-space/Cyber_Space/backend/routes/adminRoutes.ts(1,21): error TS7016: Could not find a declaration file for module 'express'. 'C:/Users/deeks/node_modules/express/index.js' implicitly has an 'any' type.
  If the 'express' package actually exposes this module, consider sending a pull request to amend 'https://github.com/DefinitelyTyped/DefinitelyTyped/tree/master/types/express'
Cyber-space/Cyber_Space/backend/routes/aiRoutes.ts(1,21): error TS7016: Could not find a declaration file for module 'express'. 'C:/Users/deeks/node_modules/express/index.js' implicitly has an 'any' type.
  If the 'express' package actually exposes this module, consider sending a pull request to amend 'https://github.com/DefinitelyTyped/DefinitelyTyped/tree/master/types/express'
Cyber-space/Cyber_Space/backend/routes/authRoutes.ts(1,21): error TS7016: Could not find a declaration file for module 'express'. 'C:/Users/deeks/node_modules/express/index.js' implicitly has an 'any' type.
  If the 'express' package actually exposes this module, consider sending a pull request to amend 'https://github.com/DefinitelyTyped/DefinitelyTyped/tree/master/types/express'
Cyber-space/Cyber_Space/backend/routes/scanRoutes.ts(2,21): error TS7016: Could not find a declaration file for module 'express'. 'C:/Users/deeks/node_modules/express/index.js' implicitly has an 'any' type.
  If the 'express' package actually exposes this module, consider sending a pull request to amend 'https://github.com/DefinitelyTyped/DefinitelyTyped/tree/master/types/express'
Cyber-space/Cyber_Space/backend/routes/scanRoutes.ts(17,51): error TS7006: Parameter 'req' implicitly has an 'any' type.
Cyber-space/Cyber_Space/backend/routes/scanRoutes.ts(17,56): error TS7006: Parameter 'res' implicitly has an 'any' type.
Cyber-space/Cyber_Space/backend/routes/threatRoutes.ts(1,24): error TS7016: Could not find a declaration file for module 'express'. 'C:/Users/deeks/node_modules/express/index.js' implicitly has an 'any' type.
  If the 'express' package actually exposes this module, consider sending a pull request to amend 'https://github.com/DefinitelyTyped/DefinitelyTyped/tree/master/types/express'
Cyber-space/Cyber_Space/backend/routes/userRoutes.ts(1,21): error TS7016: Could not find a declaration file for module 'express'. 'C:/Users/deeks/node_modules/express/index.js' implicitly has an 'any' type.
  If the 'express' package actually exposes this module, consider sending a pull request to amend 'https://github.com/DefinitelyTyped/DefinitelyTyped/tree/master/types/express'
Cyber-space/Cyber_Space/backend/server.ts(1,21): error TS7016: Could not find a declaration file for module 'express'. 'C:/Users/deeks/node_modules/express/index.js' implicitly has an 'any' type.
  If the 'express' package actually exposes this module, consider sending a pull request to amend 'https://github.com/DefinitelyTyped/DefinitelyTyped/tree/master/types/express'
Cyber-space/Cyber_Space/backend/server.ts(2,18): error TS7016: Could not find a declaration file for module 'cors'. 'C:/Users/deeks/node_modules/cors/lib/index.js' implicitly has an 'any' type.
  If the 'cors' package actually exposes this module, consider sending a pull request to amend 'https://github.com/DefinitelyTyped/DefinitelyTyped/tree/master/types/cors'
Cyber-space/Cyber_Space/backend/utils/generateToken.ts(1,17): error TS7016: Could not find a declaration file for module 'jsonwebtoken'. 'C:/Users/deeks/node_modules/jsonwebtoken/index.js' implicitly has an 'any' type.
  If the 'jsonwebtoken' package actually exposes this module, consider sending a pull request to amend 'https://github.com/DefinitelyTyped/DefinitelyTyped/tree/master/types/jsonwebtoken'
Cyber-space/Cyber_Space/src/app/ai-assistant/page.tsx(11,26): error TS2305: Module '"@/lib/hooks/use-ai-assistant"' has no exported member 'AIAnalysisResult'.
Cyber-space/Cyber_Space/src/app/ai-assistant/page.tsx(421,45): error TS2339: Property 'analysis' does not exist on type 'AIMessage'.
Cyber-space/Cyber_Space/src/app/ai-assistant/page.tsx(423,71): error TS2339: Property 'analysis' does not exist on type 'AIMessage'.
Cyber-space/Cyber_Space/src/app/verify-email/page.tsx(8,29): error TS2307: Cannot find module '@/components/ui/CyberBackground' or its corresponding type declarations.
Cyber-space/Cyber_Space/src/components/ai-assistant-panel.tsx(146,49): error TS2339: Property 'analysis' does not exist on type 'AIMessage'.
Cyber-space/Cyber_Space/src/components/ai-assistant-panel.tsx(151,91): error TS2339: Property 'analysis' does not exist on type 'AIMessage'.
Cyber-space/Cyber_Space/src/components/ai-assistant-panel.tsx(154,132): error TS2339: Property 'analysis' does not exist on type 'AIMessage'.
Cyber-space/Cyber_Space/src/components/ai-assistant-panel.tsx(156,81): error TS2339: Property 'analysis' does not exist on type 'AIMessage'.
Cyber-space/Cyber_Space/src/components/ai-assistant-panel.tsx(158,66): error TS2339: Property 'analysis' does not exist on type 'AIMessage'.
Cyber-space/Cyber_Space/src/components/ai-assistant-panel.tsx(162,125): error TS2339: Property 'analysis' does not exist on type 'AIMessage'.
Cyber-space/Cyber_Space/src/components/ai-assistant-panel.tsx(165,133): error TS2339: Property 'analysis' does not exist on type 'AIMessage'.
Cyber-space/Cyber_Space/src/components/ai-assistant-panel.tsx(169,133): error TS2339: Property 'analysis' does not exist on type 'AIMessage'.
Cyber-space/Cyber_Space/src/components/dashboard-layout.tsx(7,29): error TS2307: Cannot find module '@/components/ui/CyberBackground' or its corresponding type declarations.
Cyber-space/src/app/ai-assistant/page.tsx(11,26): error TS2305: Module '"@/lib/hooks/use-ai-assistant"' has no exported member 'AIAnalysisResult'.
Cyber-space/src/app/ai-assistant/page.tsx(96,59): error TS2339: Property 'analysis' does not exist on type 'AIMessage'.
Cyber-space/src/app/ai-assistant/page.tsx(96,114): error TS2339: Property 'analysis' does not exist on type 'AIMessage'.
Cyber-space/src/app/ai-assistant/page.tsx(97,33): error TS2339: Property 'analysis' does not exist on type 'AIMessage'.
Cyber-space/src/app/verify-email/page.tsx(8,29): error TS2307: Cannot find module '@/components/ui/CyberBackground' or its corresponding type declarations.
Cyber-space/src/components/ai-assistant-panel.tsx(146,49): error TS2339: Property 'analysis' does not exist on type 'AIMessage'.
Cyber-space/src/components/ai-assistant-panel.tsx(151,91): error TS2339: Property 'analysis' does not exist on type 'AIMessage'.
Cyber-space/src/components/ai-assistant-panel.tsx(154,132): error TS2339: Property 'analysis' does not exist on type 'AIMessage'.
Cyber-space/src/components/ai-assistant-panel.tsx(156,81): error TS2339: Property 'analysis' does not exist on type 'AIMessage'.
Cyber-space/src/components/ai-assistant-panel.tsx(158,66): error TS2339: Property 'analysis' does not exist on type 'AIMessage'.
Cyber-space/src/components/ai-assistant-panel.tsx(162,125): error TS2339: Property 'analysis' does not exist on type 'AIMessage'.
Cyber-space/src/components/ai-assistant-panel.tsx(165,133): error TS2339: Property 'analysis' does not exist on type 'AIMessage'.
Cyber-space/src/components/ai-assistant-panel.tsx(169,133): error TS2339: Property 'analysis' does not exist on type 'AIMessage'.
Cyber-space/src/components/dashboard-layout.tsx(7,29): error TS2307: Cannot find module '@/components/ui/CyberBackground' or its corresponding type declarations.
src/components/dashboard/StatCard.tsx(68,18): error TS2304: Cannot find name 'children'.
src/components/dashboard/StatCard.tsx(70,26): error TS2304: Cannot find name 'children'.
