src/app/incident-report/page.tsx(271,79): error TS1127: Invalid character.
src/app/incident-report/page.tsx(271,108): error TS1381: Unexpected token. Did you mean `{'}'}` or `&rbrace;`?
src/app/incident-report/page.tsx(271,109): error TS1381: Unexpected token. Did you mean `{'}'}` or `&rbrace;`?
src/app/incident-report/page.tsx(274,58): error TS1382: Unexpected token. Did you mean `{'>'}` or `&gt;`?
src/app/incident-report/page.tsx(446,63): error TS1127: Invalid character.
src/app/incident-report/page.tsx(446,77): error TS1381: Unexpected token. Did you mean `{'}'}` or `&rbrace;`?
src/app/incident-report/page.tsx(446,175): error TS1382: Unexpected token. Did you mean `{'>'}` or `&gt;`?
src/app/incident-report/page.tsx(450,51): error TS1381: Unexpected token. Did you mean `{'}'}` or `&rbrace;`?
src/app/incident-report/page.tsx(454,35): error TS17002: Expected corresponding JSX closing tag for 'motion.div'.
src/app/incident-report/page.tsx(455,29): error TS1005: ')' expected.
src/app/incident-report/page.tsx(455,31): error TS17002: Expected corresponding JSX closing tag for 'AnimatePresence'.
src/app/incident-report/page.tsx(456,26): error TS1381: Unexpected token. Did you mean `{'}'}` or `&rbrace;`?
src/app/incident-report/page.tsx(530,23): error TS17002: Expected corresponding JSX closing tag for 'div'.
src/app/incident-report/page.tsx(562,9): error TS1005: ')' expected.
src/app/incident-report/page.tsx(563,5): error TS1109: Expression expected.
